// Jest Snapshot v1, https://goo.gl/fbAQLP

exports[`<BulletsContainer/> should render correctly 1`] = `
<Bullets
  activeItem={1}
  itemsLength={10}
  itemsToScroll={1}
/>
`;
